// Jest Snapshot v1, https://goo.gl/fbAQLP

exports[`CommentMomentAsset constructor should have valid schema 1`] = `
Object {
  "$id": "enevti/redeemableMoment/commentMomentAsset",
  "properties": Object {
    "cid": Object {
      "dataType": "string",
      "fieldNumber": 2,
    },
    "id": Object {
      "dataType": "string",
      "fieldNumber": 1,
    },
  },
  "required": Array [
    "id",
    "cid",
  ],
  "title": "commentMomentAsset transaction asset for redeemableMoment module",
  "type": "object",
}
`;
