// Jest Snapshot v1, https://goo.gl/fbAQLP

exports[`CommentCollectionAsset constructor should have valid schema 1`] = `
Object {
  "$id": "enevti/redeemableNft/commentCollectionAsset",
  "properties": Object {
    "cid": Object {
      "dataType": "string",
      "fieldNumber": 2,
    },
    "id": Object {
      "dataType": "string",
      "fieldNumber": 1,
    },
  },
  "required": Array [
    "id",
    "cid",
  ],
  "title": "commentCollectionAsset transaction asset for redeemableNft module",
  "type": "object",
}
`;
